@@@ start=-100 stop=100 step=3 value=-16 
@@@ start=-100 stop=100 step=3 value=-13 
@@@ start=-100 stop=100 step=3 value=-10 
@@@ start=-100 stop=100 step=3 value=-7 
@@@ start=-100 stop=100 step=3 value=-4 
@@@ start=-100 stop=100 step=3 value=-1 
@@@ start=-100 stop=100 step=3 value=2 
@@@ start=-100 stop=100 step=3 value=5 
